---
source: crates/ry-checker/tests/corpus.rs
expression: snapshots
---
- diagnostics:
    - code: RY090
      message: "unknown argument `al` to `choose`"
      severity: warning
      span:
        column: 7
        end: 77
        line: 2
        start: 70
    - code: RY091
      message: "missing required argument `alpha` in call to `choose`"
      severity: warning
      span:
        column: 0
        end: 78
        line: 2
        start: 63
  fixture: err_ambiguous_partial_argument.R
- diagnostics:
    - code: RY107
      message: "`any()` returns a length-1 logical, so this comparison is TRUE exactly when the call is FALSE; the comparison was probably meant for the elements: `any(lengths == 0)`"
      severity: warning
      span:
        column: 6
        end: 697
        line: 12
        start: 680
  fixture: err_any_all_scalar_comparison.R
- diagnostics:
    - code: RY092
      message: "argument `x` to `mean` is `list`, expected numeric"
      severity: error
      span:
        column: 5
        end: 29
        line: 1
        start: 21
  fixture: err_argument_list_type_mismatch.R
- diagnostics:
    - code: RY092
      message: "argument `x` to `mean` is `character`, expected numeric"
      severity: error
      span:
        column: 5
        end: 34
        line: 1
        start: 21
  fixture: err_argument_type_mismatch.R
- diagnostics:
    - code: RY000
      message: "unexpected input at 1:1: file starts with a UTF-8 byte order mark (R's parser rejects it)"
      severity: error
      span:
        column: 0
        end: 3
        line: 0
        start: 0
  fixture: err_bom.R
- diagnostics:
    - code: RY070
      message: "cannot call a value of mode `double`"
      severity: error
      span:
        column: 5
        end: 112
        line: 2
        start: 108
    - code: RY070
      message: "cannot call a value of mode `logical`"
      severity: error
      span:
        column: 5
        end: 124
        line: 3
        start: 118
    - code: RY070
      message: "cannot call a value of mode `NULL`"
      severity: error
      span:
        column: 5
        end: 136
        line: 4
        start: 130
  fixture: err_call_literal.R
- diagnostics:
    - code: RY070
      message: "could not find function `x` (bound here as `double`)"
      severity: error
      span:
        column: 5
        end: 87
        line: 3
        start: 82
  fixture: err_call_non_function.R
- diagnostics:
    - code: RY033
      message: "comparing `character` with `double`; R coerces the numeric value to character and compares lexicographically, which is rarely intended"
      severity: warning
      span:
        column: 7
        end: 95
        line: 2
        start: 83
  fixture: err_compare_mode_mismatch.R
- diagnostics:
    - code: RY111
      message: "argument `na.rm = TRUE` to `median` is a constant shadowing the identically-named formal of an enclosing function, so the caller's `na.rm` value is silently ignored; forward it as `na.rm = na.rm` instead"
      severity: warning
      span:
        column: 30
        end: 898
        line: 17
        start: 894
    - code: RY111
      message: "argument `na.rm = FALSE` to `median` is a constant shadowing the identically-named formal of an enclosing function, so the caller's `na.rm` value is silently ignored; forward it as `na.rm = na.rm` instead"
      severity: warning
      span:
        column: 20
        end: 1038
        line: 22
        start: 1033
    - code: RY111
      message: "argument `na.rm = TRUE` to `my_sum` is a constant shadowing the identically-named formal of an enclosing function, so the caller's `na.rm` value is silently ignored; forward it as `na.rm = na.rm` instead"
      severity: warning
      span:
        column: 20
        end: 1226
        line: 28
        start: 1222
    - code: RY111
      message: "argument `na.rm = TRUE` to `sum` is a constant shadowing the identically-named formal of an enclosing function, so the caller's `na.rm` value is silently ignored; forward it as `na.rm = na.rm` instead"
      severity: warning
      span:
        column: 17
        end: 1367
        line: 33
        start: 1363
    - code: RY111
      message: "argument `na.rm = FALSE` to `median` is a constant shadowing the identically-named formal of an enclosing function, so the caller's `na.rm` value is silently ignored; forward it as `na.rm = na.rm` instead"
      severity: warning
      span:
        column: 20
        end: 1501
        line: 38
        start: 1496
    - code: RY111
      message: "argument `na.rm = TRUE` to `median` is a constant shadowing the identically-named formal of an enclosing function, so the caller's `na.rm` value is silently ignored; forward it as `na.rm = na.rm` instead"
      severity: warning
      span:
        column: 42
        end: 1736
        line: 44
        start: 1732
    - code: RY111
      message: "argument `na.rm = TRUE` to `median` is a constant shadowing the identically-named formal of an enclosing function, so the caller's `na.rm` value is silently ignored; forward it as `na.rm = na.rm` instead"
      severity: warning
      span:
        column: 22
        end: 1980
        line: 51
        start: 1976
    - code: RY111
      message: "argument `na.rm = TRUE` to `median` is a constant shadowing the identically-named formal of an enclosing function, so the caller's `na.rm` value is silently ignored; forward it as `na.rm = na.rm` instead"
      severity: warning
      span:
        column: 22
        end: 2119
        line: 58
        start: 2115
    - code: RY111
      message: "argument `na.rm = TRUE` to `median` is a constant shadowing the identically-named formal of an enclosing function, so the caller's `na.rm` value is silently ignored; forward it as `na.rm = na.rm` instead"
      severity: warning
      span:
        column: 27
        end: 2259
        line: 63
        start: 2255
  fixture: err_constant_argument_shadowing.R
- diagnostics:
    - code: RY061
      message: "$ operator is invalid for atomic vectors of mode `character`"
      severity: error
      span:
        column: 0
        end: 39
        line: 2
        start: 34
  fixture: err_dollar_assign_atomic.R
- diagnostics:
    - code: RY061
      message: "$ operator is invalid for atomic vectors of mode `double`"
      severity: error
      span:
        column: 5
        end: 248
        line: 5
        start: 243
    - code: RY061
      message: "$ operator is invalid for atomic vectors of mode `integer`"
      severity: error
      span:
        column: 5
        end: 277
        line: 7
        start: 272
    - code: RY061
      message: "$ operator is invalid for atomic vectors of mode `logical`"
      severity: error
      span:
        column: 5
        end: 341
        line: 10
        start: 334
  fixture: err_dollar_atomic_controls.R
- diagnostics:
    - code: RY061
      message: "$ operator is invalid for atomic vectors of mode `integer`"
      severity: error
      span:
        column: 7
        end: 98
        line: 3
        start: 90
  fixture: err_dollar_on_atomic.R
- diagnostics:
    - code: RY010
      message: "variable `unbound_at_top_level` is not bound in this scope"
      severity: warning
      span:
        column: 2
        end: 1177
        line: 19
        start: 1157
    - code: RY010
      message: "variable `x` is not bound in this scope"
      severity: warning
      span:
        column: 24
        end: 1279
        line: 24
        start: 1278
    - code: RY010
      message: "variable `still_unbound` is not bound in this scope"
      severity: warning
      span:
        column: 18
        end: 1357
        line: 30
        start: 1344
    - code: RY010
      message: "variable `nested_survives_formals_replacement` is not bound in this scope"
      severity: warning
      span:
        column: 20
        end: 1513
        line: 37
        start: 1478
    - code: RY010
      message: "variable `rebind_keeps_finding` is not bound in this scope"
      severity: warning
      span:
        column: 18
        end: 1685
        line: 47
        start: 1665
    - code: RY010
      message: "variable `g` is not bound in this scope"
      severity: warning
      span:
        column: 10
        end: 1747
        line: 52
        start: 1746
    - code: RY010
      message: "variable `later_literal_keeps_finding` is not bound in this scope"
      severity: warning
      span:
        column: 18
        end: 1809
        line: 53
        start: 1782
    - code: RY010
      message: "variable `outer_unchanged_by_local` is not bound in this scope"
      severity: warning
      span:
        column: 18
        end: 1890
        line: 58
        start: 1866
    - code: RY080
      message: "`map_dbl` requires a scalar `double` callback result, but the callback returns `character<len=1>`; R rejects this result"
      severity: error
      span:
        column: 4
        end: 2047
        line: 66
        start: 2015
  fixture: err_dynamic_formals_scope_precision.R
- diagnostics:
    - code: RY040
      message: "cannot apply arithmetic op to `character` and `double`"
      severity: error
      span:
        column: 23
        end: 186
        line: 3
        start: 175
  fixture: err_fnbody_arith.R
- diagnostics:
    - code: RY040
      message: "cannot apply arithmetic op to `character` and `double`"
      severity: error
      span:
        column: 9
        end: 203
        line: 5
        start: 192
  fixture: err_fnbody_nested_if.R
- diagnostics:
    - code: RY010
      message: "variable `undefined_variable_xyz` is not bound in this scope"
      severity: warning
      span:
        column: 23
        end: 148
        line: 3
        start: 126
  fixture: err_fnbody_unbound.R
- diagnostics:
    - code: RY109
      message: "parameter `x` has a self-referential default that can never evaluate; forcing the promise errors ('promise already under evaluation')"
      severity: warning
      span:
        column: 23
        end: 458
        line: 7
        start: 457
    - code: RY109
      message: "parameter `x` has a self-referential default that can never evaluate; forcing the promise errors ('promise already under evaluation')"
      severity: warning
      span:
        column: 25
        end: 523
        line: 9
        start: 522
    - code: RY109
      message: "parameter `x` has a self-referential default that can never evaluate; forcing the promise errors ('promise already under evaluation')"
      severity: warning
      span:
        column: 34
        end: 611
        line: 11
        start: 610
    - code: RY109
      message: "parameter `x` has a self-referential default that can never evaluate; forcing the promise errors ('promise already under evaluation')"
      severity: warning
      span:
        column: 22
        end: 670
        line: 12
        start: 669
    - code: RY109
      message: "parameter `x` has a self-referential default that can never evaluate; forcing the promise errors ('promise already under evaluation')"
      severity: warning
      span:
        column: 26
        end: 725
        line: 13
        start: 724
    - code: RY109
      message: "parameter `x` has a self-referential default that can never evaluate; forcing the promise errors ('promise already under evaluation')"
      severity: warning
      span:
        column: 23
        end: 768
        line: 14
        start: 767
    - code: RY109
      message: "parameter `x` has a self-referential default that can never evaluate; forcing the promise errors ('promise already under evaluation')"
      severity: warning
      span:
        column: 32
        end: 843
        line: 15
        start: 842
    - code: RY109
      message: "parameter `x` has a self-referential default that can never evaluate; forcing the promise errors ('promise already under evaluation')"
      severity: warning
      span:
        column: 28
        end: 926
        line: 16
        start: 925
    - code: RY109
      message: "parameter `x` has a self-referential default that can never evaluate; forcing the promise errors ('promise already under evaluation')"
      severity: warning
      span:
        column: 27
        end: 1012
        line: 17
        start: 1011
    - code: RY109
      message: "parameter `x` has a self-referential default that can never evaluate; forcing the promise errors ('promise already under evaluation')"
      severity: warning
      span:
        column: 25
        end: 1097
        line: 18
        start: 1096
    - code: RY109
      message: "parameter `x` has a self-referential default that can never evaluate; forcing the promise errors ('promise already under evaluation')"
      severity: warning
      span:
        column: 34
        end: 1950
        line: 30
        start: 1949
    - code: RY109
      message: "parameter `x` has a self-referential default that can never evaluate; forcing the promise errors ('promise already under evaluation')"
      severity: warning
      span:
        column: 41
        end: 2018
        line: 31
        start: 2017
    - code: RY109
      message: "parameter `x` has a self-referential default that can never evaluate; forcing the promise errors ('promise already under evaluation')"
      severity: warning
      span:
        column: 32
        end: 2079
        line: 32
        start: 2078
    - code: RY109
      message: "parameter `x` has a self-referential default that can never evaluate; forcing the promise errors ('promise already under evaluation')"
      severity: warning
      span:
        column: 31
        end: 2222
        line: 34
        start: 2221
    - code: RY109
      message: "parameter `x` has a self-referential default that can never evaluate; forcing the promise errors ('promise already under evaluation')"
      severity: warning
      span:
        column: 32
        end: 2434
        line: 37
        start: 2433
    - code: RY109
      message: "parameter `x` has a self-referential default that can never evaluate; forcing the promise errors ('promise already under evaluation')"
      severity: warning
      span:
        column: 31
        end: 2514
        line: 38
        start: 2513
    - code: RY109
      message: "parameter `x` has a self-referential default that can never evaluate; forcing the promise errors ('promise already under evaluation')"
      severity: warning
      span:
        column: 31
        end: 2646
        line: 40
        start: 2645
  fixture: err_force_contract_lazy_controls.R
- diagnostics:
    - code: RY010
      message: "variable `undefined_var` is not bound in this scope"
      severity: warning
      span:
        column: 36
        end: 199
        line: 3
        start: 186
  fixture: err_ho_callback_unbound.R
- diagnostics:
    - code: RY040
      message: "cannot apply arithmetic op to `integer` and `character`"
      severity: error
      span:
        column: 7
        end: 288
        line: 5
        start: 277
  fixture: err_ho_sapply_infers_type.R
- diagnostics:
    - code: RY040
      message: "cannot apply arithmetic op to `union` and `double`"
      severity: error
      span:
        column: 7
        end: 375
        line: 7
        start: 370
  fixture: err_if_expr_join.R
- diagnostics:
    - code: RY106
      message: "`ifelse()` builds its result from `test`, so an empty test leaves a logical result even though the branches are both character; use a typed alternative such as `dplyr::if_else()` when the result must be character"
      severity: warning
      span:
        column: 2
        end: 627
        line: 11
        start: 578
    - code: RY106
      message: "`ifelse()` builds its result from `test`, so an empty test leaves a logical result even though the branches are both character; use a typed alternative such as `dplyr::if_else()` when the result must be character"
      severity: warning
      span:
        column: 5
        end: 749
        line: 14
        start: 711
    - code: RY106
      message: "`ifelse()` builds its result from `test`, so an all-`NA` test leaves a logical result even though the branches are both character; use a typed alternative such as `dplyr::if_else()` when the result must be character"
      severity: warning
      span:
        column: 5
        end: 843
        line: 16
        start: 823
    - code: RY106
      message: "`ifelse()` builds its result from `test`, so an empty test leaves a logical result even though the branches are both integer; use a typed alternative such as `dplyr::if_else()` when the result must be integer"
      severity: warning
      span:
        column: 5
        end: 924
        line: 18
        start: 898
  fixture: err_ifelse_mode_collapse.R
- diagnostics:
    - code: RY092
      message: "argument `value` to `check_string` is `character<len=2>`, expected character"
      severity: error
      span:
        column: 13
        end: 55
        line: 2
        start: 50
  fixture: err_impossible_standalone_guard.R
- diagnostics:
    - code: RY070
      message: "could not find function `x` (bound here as `NULL`)"
      severity: error
      span:
        column: 2
        end: 296
        line: 11
        start: 292
  fixture: err_is_null_narrowing_no_leak.R
- diagnostics:
    - code: RY040
      message: "cannot apply arithmetic op to `integer` and `character`"
      severity: error
      span:
        column: 7
        end: 281
        line: 6
        start: 270
  fixture: err_lapply_double_bracket.R
- diagnostics:
    - code: RY098
      message: "parameter `x` has a self-referential default that recurses when forced"
      severity: warning
      span:
        column: 24
        end: 76
        line: 1
        start: 75
    - code: RY098
      message: "parameter `x` has a self-referential default that recurses when forced"
      severity: warning
      span:
        column: 26
        end: 121
        line: 2
        start: 120
    - code: RY098
      message: "parameter `x` has a self-referential default that recurses when forced"
      severity: warning
      span:
        column: 24
        end: 164
        line: 3
        start: 163
    - code: RY098
      message: "parameter `x` has a self-referential default that recurses when forced"
      severity: warning
      span:
        column: 28
        end: 212
        line: 4
        start: 211
    - code: RY098
      message: "parameter `x` has a self-referential default that recurses when forced"
      severity: warning
      span:
        column: 29
        end: 265
        line: 5
        start: 264
    - code: RY098
      message: "parameter `x` may force its default before body-local `local` is assigned"
      severity: warning
      span:
        column: 44
        end: 335
        line: 6
        start: 334
  fixture: err_metadata_forces_recursive_default.R
- diagnostics:
    - code: RY091
      message: "missing required argument `x` in call to `length`"
      severity: warning
      span:
        column: 0
        end: 24
        line: 1
        start: 16
  fixture: err_missing_required_argument.R
- diagnostics:
    - code: RY107
      message: "`any()` returns a length-1 logical, so this comparison is always TRUE; the comparison was probably meant for the elements: `any(x > -1)`"
      severity: warning
      span:
        column: 29
        end: 771
        line: 11
        start: 760
    - code: RY107
      message: "`any()` returns a length-1 logical, so this comparison is always FALSE; the comparison was probably meant for the elements: `any(x < -1)`"
      severity: warning
      span:
        column: 30
        end: 823
        line: 12
        start: 812
    - code: RY107
      message: "`any()` returns a length-1 logical, so this comparison is always FALSE; the comparison was probably meant for the elements: `any(x == -1)`"
      severity: warning
      span:
        column: 30
        end: 876
        line: 13
        start: 864
    - code: RY107
      message: "`any()` returns a length-1 logical, so this comparison is always TRUE; the comparison was probably meant for the elements: `any(x > -1)`"
      severity: warning
      span:
        column: 31
        end: 929
        line: 14
        start: 918
    - code: RY105
      message: "`sum()` always returns a single value, so `length(...)` is 1 here and this length guard is always TRUE"
      severity: warning
      span:
        column: 28
        end: 988
        line: 15
        start: 968
    - code: RY105
      message: "`sum()` always returns a single value, so `length(...)` is 1 here and this length guard is always FALSE"
      severity: warning
      span:
        column: 29
        end: 1048
        line: 16
        start: 1028
    - code: RY105
      message: "`sum()` always returns a single value, so `length(...)` is 1 here and this length guard is always FALSE"
      severity: warning
      span:
        column: 29
        end: 1109
        line: 17
        start: 1088
  fixture: err_negative_literal_comparison.R
- diagnostics:
    - code: RY001
      message: "`switch` EXPR is `union[NULL<len=0>, character<len=1>]`, which is not a length-1 vector; R errors with \"EXPR must be a length 1 vector\""
      severity: warning
      span:
        column: 7
        end: 547
        line: 15
        start: 542
    - code: RY001
      message: "`if` condition is `union[logical<len=0>, logical<len=1>]`, expected length-1 logical (or a value R coerces to logical)"
      severity: warning
      span:
        column: 4
        end: 583
        line: 16
        start: 568
  fixture: err_null_union_conditions.R
- diagnostics:
    - code: RY000
      message: "syntax error: unparseable region (recovered tree may be unreliable)"
      severity: error
      span:
        column: 2
        end: 189
        line: 3
        start: 156
    - code: RY000
      message: "syntax error: unparseable region (recovered tree may be unreliable)"
      severity: error
      span:
        column: 15
        end: 170
        line: 3
        start: 169
    - code: RY000
      message: "syntax error: unparseable region (recovered tree may be unreliable)"
      severity: error
      span:
        column: 16
        end: 189
        line: 4
        start: 187
  fixture: err_parse_error.R
- diagnostics:
    - code: RY060
      message: "column `x` not found in data frame schema; available columns: y, x_x"
      severity: error
      span:
        column: 0
        end: 62
        line: 2
        start: 54
  fixture: err_partial_column_indexed_assignment.R
- diagnostics:
    - code: RY000
      message: "syntax error: function '[' not supported in RHS call of a pipe"
      severity: error
      span:
        column: 10
        end: 451
        line: 8
        start: 447
    - code: RY000
      message: "syntax error: function '{' not supported in RHS call of a pipe"
      severity: error
      span:
        column: 10
        end: 471
        line: 9
        start: 462
    - code: RY000
      message: "syntax error: the pipe operator requires a function call as RHS"
      severity: error
      span:
        column: 10
        end: 486
        line: 10
        start: 482
    - code: RY000
      message: "syntax error: function 'return' not supported in RHS call of a pipe"
      severity: error
      span:
        column: 10
        end: 506
        line: 11
        start: 497
    - code: RY000
      message: "syntax error: function '+' not supported in RHS call of a pipe"
      severity: error
      span:
        column: 10
        end: 523
        line: 12
        start: 517
  fixture: err_pipe_native_rhs.R
- diagnostics:
    - code: RY080
      message: "`map_dbl` requires a scalar `double` callback result, but the callback returns `character<len=1>`; R rejects this result"
      severity: error
      span:
        column: 6
        end: 275
        line: 5
        start: 236
  fixture: err_purrr_map_dbl_type_mismatch.R
- diagnostics:
    - code: RY098
      message: "parameter `x` has a self-referential default that recurses when forced"
      severity: warning
      span:
        column: 26
        end: 92
        line: 1
        start: 91
    - code: RY098
      message: "parameter `x` has a self-referential default that recurses when forced"
      severity: warning
      span:
        column: 22
        end: 135
        line: 2
        start: 134
    - code: RY098
      message: "parameter `x` has a self-referential default that recurses when forced"
      severity: warning
      span:
        column: 39
        end: 200
        line: 3
        start: 199
    - code: RY098
      message: "parameter `x` may force its default before body-local `value` is assigned"
      severity: warning
      span:
        column: 17
        end: 253
        line: 5
        start: 252
    - code: RY098
      message: "parameter `x` has a self-referential default that recurses when forced"
      severity: warning
      span:
        column: 32
        end: 304
        line: 8
        start: 303
    - code: RY098
      message: "parameter `x` has a self-referential default that recurses when forced"
      severity: warning
      span:
        column: 28
        end: 350
        line: 9
        start: 349
    - code: RY098
      message: "parameter `x` has a self-referential default that recurses when forced"
      severity: warning
      span:
        column: 42
        end: 415
        line: 10
        start: 414
    - code: RY098
      message: "parameter `x` may force its default before body-local `value` is assigned"
      severity: warning
      span:
        column: 14
        end: 471
        line: 12
        start: 470
  fixture: err_qualified_identity_forces_default.R
- diagnostics:
    - code: RY109
      message: "parameter `x` has a self-referential default that can never evaluate; forcing the promise errors ('promise already under evaluation')"
      severity: warning
      span:
        column: 23
        end: 422
        line: 7
        start: 421
    - code: RY109
      message: "parameter `x` has a self-referential default that can never evaluate; forcing the promise errors ('promise already under evaluation')"
      severity: warning
      span:
        column: 22
        end: 459
        line: 8
        start: 458
    - code: RY109
      message: "parameter `x` has a self-referential default that can never evaluate; forcing the promise errors ('promise already under evaluation')"
      severity: warning
      span:
        column: 23
        end: 512
        line: 9
        start: 511
    - code: RY109
      message: "parameter `x` has a self-referential default that can never evaluate; forcing the promise errors ('promise already under evaluation')"
      severity: warning
      span:
        column: 34
        end: 586
        line: 10
        start: 585
    - code: RY109
      message: "parameter `x` has a self-referential default that can never evaluate; forcing the promise errors ('promise already under evaluation')"
      severity: warning
      span:
        column: 29
        end: 680
        line: 12
        start: 679
    - code: RY109
      message: "parameter `x` has a self-referential default that can never evaluate; forcing the promise errors ('promise already under evaluation')"
      severity: warning
      span:
        column: 28
        end: 720
        line: 13
        start: 719
    - code: RY109
      message: "parameter `x` has a self-referential default that can never evaluate; forcing the promise errors ('promise already under evaluation')"
      severity: warning
      span:
        column: 29
        end: 776
        line: 14
        start: 775
    - code: RY109
      message: "parameter `x` has a self-referential default that can never evaluate; forcing the promise errors ('promise already under evaluation')"
      severity: warning
      span:
        column: 40
        end: 853
        line: 15
        start: 852
  fixture: err_qualified_identity_skips_lazy_arguments.R
- diagnostics:
    - code: RY109
      message: "parameter `x` has a self-referential default that can never evaluate; forcing the promise errors ('promise already under evaluation')"
      severity: warning
      span:
        column: 27
        end: 298
        line: 5
        start: 297
    - code: RY109
      message: "parameter `x` has a self-referential default that can never evaluate; forcing the promise errors ('promise already under evaluation')"
      severity: warning
      span:
        column: 22
        end: 350
        line: 6
        start: 349
    - code: RY109
      message: "parameter `x` has a self-referential default that can never evaluate; forcing the promise errors ('promise already under evaluation')"
      severity: warning
      span:
        column: 33
        end: 417
        line: 7
        start: 416
    - code: RY109
      message: "parameter `x` has a self-referential default that can never evaluate; forcing the promise errors ('promise already under evaluation')"
      severity: warning
      span:
        column: 28
        end: 472
        line: 8
        start: 471
  fixture: err_qualified_identity_unmatched_arguments.R
- diagnostics:
    - code: RY040
      message: "cannot apply arithmetic op to `character` and `integer`"
      severity: error
      span:
        column: 5
        end: 543
        line: 15
        start: 532
    - code: RY040
      message: "cannot apply arithmetic op to `character` and `integer`"
      severity: error
      span:
        column: 5
        end: 565
        line: 16
        start: 549
  fixture: err_qualified_invisible_type.R
- diagnostics:
    - code: RY040
      message: "cannot apply arithmetic op to `character` and `integer`"
      severity: error
      span:
        column: 5
        end: 538
        line: 15
        start: 527
    - code: RY040
      message: "cannot apply arithmetic op to `character` and `integer`"
      severity: error
      span:
        column: 5
        end: 560
        line: 16
        start: 544
  fixture: err_qualified_return_type.R
- diagnostics:
    - code: RY102
      message: "`<-` inside `list()` assigns `github-ref` and leaves the element unnamed; write `\"github-ref\" = ...` to name it"
      severity: warning
      span:
        column: 21
        end: 297
        line: 6
        start: 278
    - code: RY103
      message: "`class()` returns a character vector, so this comparison is not length-1 for a multi-class object and the enclosing condition errors; use `!inherits(df[[1]], t)`"
      severity: warning
      span:
        column: 21
        end: 525
        line: 10
        start: 506
    - code: RY107
      message: "`any()` returns a length-1 logical, so this comparison is TRUE exactly when the call is FALSE; the comparison was probably meant for the elements: `any(lengths == 0)`"
      severity: warning
      span:
        column: 6
        end: 1086
        line: 21
        start: 1069
    - code: RY105
      message: "`u_dl` is a length-1 double, so `length(...)` is 1 here and this length guard is always TRUE"
      severity: warning
      span:
        column: 13
        end: 1322
        line: 30
        start: 1306
  fixture: err_recall_rules_repro.R
- diagnostics:
    - code: RY000
      message: "syntax error: unparseable region (recovered tree may be unreliable)"
      severity: error
      span:
        column: 2
        end: 388
        line: 6
        start: 376
  fixture: err_recovered_tree_suppresses_semantics.R
- diagnostics:
    - code: RY109
      message: "parameter `x` has a self-referential default that can never evaluate; forcing the promise errors ('promise already under evaluation')"
      severity: warning
      span:
        column: 25
        end: 367
        line: 6
        start: 366
    - code: RY109
      message: "parameter `x` has a self-referential default that can never evaluate; forcing the promise errors ('promise already under evaluation')"
      severity: warning
      span:
        column: 24
        end: 405
        line: 7
        start: 404
    - code: RY109
      message: "parameter `x` has a self-referential default that can never evaluate; forcing the promise errors ('promise already under evaluation')"
      severity: warning
      span:
        column: 34
        end: 452
        line: 8
        start: 451
    - code: RY109
      message: "parameter `x` has a self-referential default that can never evaluate; forcing the promise errors ('promise already under evaluation')"
      severity: warning
      span:
        column: 33
        end: 498
        line: 9
        start: 497
    - code: RY109
      message: "parameter `x` has a self-referential default that can never evaluate; forcing the promise errors ('promise already under evaluation')"
      severity: warning
      span:
        column: 28
        end: 539
        line: 10
        start: 538
  fixture: err_recursive_default_conditional_operands.R
- diagnostics:
    - code: RY109
      message: "parameter `x` has a self-referential default that can never evaluate; forcing the promise errors ('promise already under evaluation')"
      severity: warning
      span:
        column: 18
        end: 253
        line: 4
        start: 252
  fixture: err_recursive_default_conditional_return.R
- diagnostics:
    - code: RY109
      message: "parameter `x` has a self-referential default that can never evaluate; forcing the promise errors ('promise already under evaluation')"
      severity: warning
      span:
        column: 18
        end: 361
        line: 6
        start: 360
  fixture: err_recursive_default_defused_forward.R
- diagnostics:
    - code: RY098
      message: "parameter `x` has a self-referential default that recurses when forced"
      severity: warning
      span:
        column: 18
        end: 114
        line: 2
        start: 113
  fixture: err_recursive_default_forced_call.R
- diagnostics:
    - code: RY098
      message: "parameter `x` has a self-referential default that recurses when forced"
      severity: warning
      span:
        column: 28
        end: 73
        line: 1
        start: 72
    - code: RY098
      message: "parameter `x` has a self-referential default that recurses when forced"
      severity: warning
      span:
        column: 27
        end: 113
        line: 2
        start: 112
    - code: RY098
      message: "parameter `x` has a self-referential default that recurses when forced"
      severity: warning
      span:
        column: 23
        end: 150
        line: 3
        start: 149
    - code: RY098
      message: "parameter `x` has a self-referential default that recurses when forced"
      severity: warning
      span:
        column: 26
        end: 200
        line: 4
        start: 199
    - code: RY098
      message: "parameter `x` may force its default before body-local `value` is assigned"
      severity: warning
      span:
        column: 11
        end: 267
        line: 6
        start: 266
  fixture: err_recursive_default_forced_operands.R
- diagnostics:
    - code: RY109
      message: "parameter `x` has a self-referential default that can never evaluate; forcing the promise errors ('promise already under evaluation')"
      severity: warning
      span:
        column: 18
        end: 287
        line: 5
        start: 286
  fixture: err_recursive_default_lazy_forward.R
- diagnostics:
    - code: RY098
      message: "parameter `x` has a self-referential default that recurses when forced"
      severity: warning
      span:
        column: 18
        end: 108
        line: 2
        start: 107
  fixture: err_recursive_default_literal_branch.R
- diagnostics:
    - code: RY098
      message: "parameter `x` has a self-referential default that recurses when forced"
      severity: warning
      span:
        column: 18
        end: 134
        line: 3
        start: 133
  fixture: err_recursive_default_literal_false_block.R
- diagnostics:
    - code: RY109
      message: "parameter `x` has a self-referential default that can never evaluate; forcing the promise errors ('promise already under evaluation')"
      severity: warning
      span:
        column: 18
        end: 277
        line: 5
        start: 276
  fixture: err_recursive_default_missing.R
- diagnostics:
    - code: RY109
      message: "parameter `x` has a self-referential default that can never evaluate; forcing the promise errors ('promise already under evaluation')"
      severity: warning
      span:
        column: 18
        end: 302
        line: 5
        start: 301
    - code: RY109
      message: "parameter `x` has a self-referential default that can never evaluate; forcing the promise errors ('promise already under evaluation')"
      severity: warning
      span:
        column: 18
        end: 349
        line: 11
        start: 348
  fixture: err_recursive_default_replaced.R
- diagnostics:
    - code: RY109
      message: "parameter `x` has a self-referential default that can never evaluate; forcing the promise errors ('promise already under evaluation')"
      severity: warning
      span:
        column: 18
        end: 267
        line: 5
        start: 266
  fixture: err_recursive_default_shadowed_defuser.R
- diagnostics:
    - code: RY109
      message: "parameter `x` has a self-referential default that can never evaluate; forcing the promise errors ('promise already under evaluation')"
      severity: warning
      span:
        column: 18
        end: 203
        line: 4
        start: 202
  fixture: err_recursive_default_shadowed_strict.R
- diagnostics:
    - code: RY109
      message: "parameter `x` has a self-referential default that can never evaluate; forcing the promise errors ('promise already under evaluation')"
      severity: warning
      span:
        column: 18
        end: 196
        line: 3
        start: 195
    - code: RY109
      message: "parameter `x` has a self-referential default that can never evaluate; forcing the promise errors ('promise already under evaluation')"
      severity: warning
      span:
        column: 18
        end: 228
        line: 4
        start: 227
  fixture: err_recursive_default_short_circuit.R
- diagnostics:
    - code: RY098
      message: "parameter `x` has a self-referential default that recurses when forced"
      severity: warning
      span:
        column: 36
        end: 149
        line: 2
        start: 148
    - code: RY098
      message: "parameter `x` has a self-referential default that recurses when forced"
      severity: warning
      span:
        column: 46
        end: 208
        line: 3
        start: 207
    - code: RY098
      message: "parameter `x` has a self-referential default that recurses when forced"
      severity: warning
      span:
        column: 30
        end: 243
        line: 4
        start: 242
    - code: RY098
      message: "parameter `x` has a self-referential default that recurses when forced"
      severity: warning
      span:
        column: 30
        end: 278
        line: 5
        start: 277
    - code: RY098
      message: "parameter `x` has a self-referential default that recurses when forced"
      severity: warning
      span:
        column: 36
        end: 319
        line: 6
        start: 318
    - code: RY098
      message: "parameter `x` has a self-referential default that recurses when forced"
      severity: warning
      span:
        column: 32
        end: 362
        line: 7
        start: 361
  fixture: err_recursive_default_taken_operands.R
- diagnostics:
    - code: RY109
      message: "parameter `x` has a self-referential default that can never evaluate; forcing the promise errors ('promise already under evaluation')"
      severity: warning
      span:
        column: 18
        end: 251
        line: 4
        start: 250
  fixture: err_recursive_default_unforced_branch.R
- diagnostics:
    - code: RY109
      message: "parameter `x` has a self-referential default that can never evaluate; forcing the promise errors ('promise already under evaluation')"
      severity: warning
      span:
        column: 18
        end: 243
        line: 4
        start: 242
  fixture: err_recursive_default_unreachable_block.R
- diagnostics:
    - code: RY098
      message: "parameter `copy` has a self-referential default that recurses when forced"
      severity: warning
      span:
        column: 29
        end: 55
        line: 1
        start: 51
    - code: RY098
      message: "parameter `j` has a self-referential default that recurses when forced"
      severity: warning
      span:
        column: 28
        end: 91
        line: 2
        start: 90
  fixture: err_recursive_parameter_default.R
- diagnostics:
    - code: RY040
      message: "cannot apply arithmetic op to `character` and `integer`"
      severity: error
      span:
        column: 0
        end: 230
        line: 7
        start: 217
  fixture: err_s3_literal_ops_chooser.R
- diagnostics:
    - code: RY070
      message: "could not find function `x` (bound here as `integer`)"
      severity: error
      span:
        column: 0
        end: 117
        line: 4
        start: 114
  fixture: err_s7_callable_future_assignment.R
- diagnostics:
    - code: RY070
      message: "could not find function `x` (bound here as `integer`)"
      severity: error
      span:
        column: 0
        end: 121
        line: 4
        start: 118
  fixture: err_s7_callable_reassigned.R
- diagnostics:
    - code: RY032
      message: "`&&` applied to a length-3 operand; R requires a single logical value and raises an error"
      severity: warning
      span:
        column: 7
        end: 113
        line: 3
        start: 104
  fixture: err_scalar_logical.R
- diagnostics:
    - code: RY109
      message: "parameter `copy` has a self-referential default that can never evaluate; forcing the promise errors ('promise already under evaluation')"
      severity: warning
      span:
        column: 42
        end: 433
        line: 8
        start: 429
    - code: RY109
      message: "parameter `j` has a self-referential default that can never evaluate; forcing the promise errors ('promise already under evaluation')"
      severity: warning
      span:
        column: 50
        end: 619
        line: 17
        start: 618
    - code: RY109
      message: "parameter `n` has a self-referential default that can never evaluate; forcing the promise errors ('promise already under evaluation')"
      severity: warning
      span:
        column: 25
        end: 743
        line: 20
        start: 742
    - code: RY109
      message: "parameter `copy` has a self-referential default that can never evaluate; forcing the promise errors ('promise already under evaluation')"
      severity: warning
      span:
        column: 30
        end: 791
        line: 21
        start: 787
  fixture: err_self_referential_default_unproven.R
- diagnostics:
    - code: RY108
      message: "`seq.hms()` uses `to` without a `missing(to)` check, but `to` is defaulted, so a call like `seq(x, length.out = n)` forwards the default as if supplied and hits `seq.default`'s argument precedence; guard the use with `missing(to)` first, as `seq.Date` does"
      severity: warning
      span:
        column: 19
        end: 809
        line: 13
        start: 807
    - code: RY108
      message: "`seq.widget()` uses `to` without a `missing(to)` check, but `to` is defaulted, so a call like `seq(x, length.out = n)` forwards the default as if supplied and hits `seq.default`'s argument precedence; guard the use with `missing(to)` first, as `seq.Date` does"
      severity: warning
      span:
        column: 12
        end: 1028
        line: 20
        start: 1026
    - code: RY108
      message: "`seq.defaulted()` uses `to` without a `missing(to)` check, but `to` is defaulted, so a call like `seq(x, length.out = n)` forwards the default as if supplied and hits `seq.default`'s argument precedence; guard the use with `missing(to)` first, as `seq.Date` does"
      severity: warning
      span:
        column: 14
        end: 1249
        line: 27
        start: 1247
    - code: RY108
      message: "`seq.super()` uses `to` without a `missing(to)` check, but `to` is defaulted, so a call like `seq(x, length.out = n)` forwards the default as if supplied and hits `seq.default`'s argument precedence; guard the use with `missing(to)` first, as `seq.Date` does"
      severity: warning
      span:
        column: 12
        end: 1484
        line: 37
        start: 1482
    - code: RY108
      message: "`seq.exprlim()` uses `to` without a `missing(to)` check, but `to` is defaulted, so a call like `seq(x, length.out = n)` forwards the default as if supplied and hits `seq.default`'s argument precedence; guard the use with `missing(to)` first, as `seq.Date` does"
      severity: warning
      span:
        column: 12
        end: 1721
        line: 44
        start: 1719
    - code: RY108
      message: "`seq.demorgan()` uses `to` without a `missing(to)` check, but `to` is defaulted, so a call like `seq(x, length.out = n)` forwards the default as if supplied and hits `seq.default`'s argument precedence; guard the use with `missing(to)` first, as `seq.Date` does"
      severity: warning
      span:
        column: 14
        end: 1979
        line: 52
        start: 1977
  fixture: err_seq_defaulted_forward.R
- diagnostics:
    - code: RY001
      message: "loop condition is `NULL<len=0>`, expected length-1 logical (or a value R coerces to logical)"
      severity: warning
      span:
        column: 7
        end: 277
        line: 6
        start: 276
  fixture: err_superassignment_read_before_definition.R
- diagnostics:
    - code: RY040
      message: "cannot apply arithmetic op to `list` and `double`"
      severity: error
      span:
        column: 7
        end: 221
        line: 4
        start: 216
  fixture: err_switch_mixed.R
- diagnostics:
    - code: RY040
      message: "cannot apply arithmetic op to `union` and `double`"
      severity: error
      span:
        column: 5
        end: 334
        line: 7
        start: 329
  fixture: err_union_all_invalid.R
- diagnostics:
    - code: RY090
      message: "unknown argument `xx` to `length`; did you mean `x`?"
      severity: warning
      span:
        column: 7
        end: 37
        line: 1
        start: 30
    - code: RY091
      message: "missing required argument `x` in call to `length`"
      severity: warning
      span:
        column: 0
        end: 38
        line: 1
        start: 23
  fixture: err_unknown_argument.R
- diagnostics:
    - code: RY091
      message: "missing required argument `x` in call to `required`"
      severity: warning
      span:
        column: 0
        end: 67
        line: 2
        start: 57
  fixture: err_user_fn_missing_required.R
- diagnostics:
    - code: RY110
      message: "`all(is.na(seconds))` is vacuously TRUE when `seconds` is empty, and the guard then accepts zero-length input that fails `is.numeric` (such as an empty character) which `sqrt()` cannot use as numeric; guard the emptiness too: `is.numeric(seconds) || (length(seconds) > 0 && all(is.na(seconds)))`"
      severity: warning
      span:
        column: 29
        end: 792
        line: 13
        start: 773
    - code: RY110
      message: "`all(is.na(x))` is vacuously TRUE when `x` is empty, and the guard then accepts zero-length input that fails `is.numeric` (such as an empty character) which `round()` cannot use as numeric; guard the emptiness too: `is.numeric(x) || (length(x) > 0 && all(is.na(x)))`"
      severity: warning
      span:
        column: 25
        end: 947
        line: 19
        start: 934
    - code: RY110
      message: "`all(is.na(x))` is vacuously TRUE when `x` is empty, and the guard then accepts zero-length input that fails `is.numeric` (such as an empty character) which `round()` cannot use as numeric; guard the emptiness too: `is.numeric(x) || (length(x) > 0 && all(is.na(x)))`"
      severity: warning
      span:
        column: 25
        end: 1182
        line: 27
        start: 1169
    - code: RY110
      message: "`all(is.na(x))` is vacuously TRUE when `x` is empty, and the guard then accepts zero-length input that fails `is.numeric` (such as an empty character) which `exp()` cannot use as numeric; guard the emptiness too: `is.numeric(x) || (length(x) > 0 && all(is.na(x)))`"
      severity: warning
      span:
        column: 29
        end: 1352
        line: 34
        start: 1339
    - code: RY092
      message: "argument `x` to `log` is `character`, expected numeric"
      severity: error
      span:
        column: 16
        end: 1511
        line: 40
        start: 1506
    - code: RY110
      message: "`empty` is empty here, so `all(is.na(empty))` is TRUE, and the guard then accepts zero-length input that fails `is.numeric` (such as an empty character) which `log()` cannot use as numeric; guard the emptiness too: `is.numeric(empty) || (length(empty) > 0 && all(is.na(empty)))`"
      severity: warning
      span:
        column: 25
        end: 1486
        line: 39
        start: 1469
  fixture: err_vacuous_all_guard.R
- diagnostics:
    - code: RY110
      message: "`all(is.na(args))` is vacuously TRUE when `args` is empty, and the guard then accepts zero-length input that fails `is.numeric` (such as an empty character) which `mean()` cannot use as numeric; guard the emptiness too: `is.numeric(args) || (length(args) > 0 && all(is.na(args)))`"
      severity: warning
      span:
        column: 49
        end: 961
        line: 15
        start: 948
    - code: RY110
      message: "`all(is.na(seconds))` is vacuously TRUE when `seconds` is empty, and the guard then accepts zero-length input that fails `is.double` (such as an empty character) which `sqrt()` cannot use as numeric; guard the emptiness too: `is.double(seconds) || (length(seconds) > 0 && all(is.na(seconds)))`"
      severity: warning
      span:
        column: 47
        end: 1282
        line: 23
        start: 1269
  fixture: err_vacuous_all_guard_interprocedural.R
- diagnostics: []
  fixture: ok_ambient_globals.R
- diagnostics: []
  fixture: ok_anon_lapply.R
- diagnostics: []
  fixture: ok_argument_diagnostics_suppressed.R
- diagnostics: []
  fixture: ok_argument_numeric_coercion.R
- diagnostics: []
  fixture: ok_argument_union_overlap.R
- diagnostics: []
  fixture: ok_arith.R
- diagnostics: []
  fixture: ok_assertion_refinement.R
- diagnostics: []
  fixture: ok_assign_literal.R
- diagnostics: []
  fixture: ok_block_expr_scope.R
- diagnostics: []
  fixture: ok_bom_elsewhere.R
- diagnostics: []
  fixture: ok_bound_var.R
- diagnostics: []
  fixture: ok_branch_binding_merge.R
- diagnostics: []
  fixture: ok_c_concat.R
- diagnostics: []
  fixture: ok_call_function.R
- diagnostics: []
  fixture: ok_call_skips_nonfunction_shadow.R
- diagnostics: []
  fixture: ok_closure_capture.R
- diagnostics: []
  fixture: ok_closure_factory.R
- diagnostics: []
  fixture: ok_coercible_condition.R
- diagnostics: []
  fixture: ok_compare.R
- diagnostics: []
  fixture: ok_compare_na_idiom.R
- diagnostics: []
  fixture: ok_compare_same_mode.R
- diagnostics: []
  fixture: ok_compare_union_no_mode_mismatch.R
- diagnostics: []
  fixture: ok_constant_argument_shadowing_gates.R
- diagnostics: []
  fixture: ok_custom_operator_lookup.R
- diagnostics: []
  fixture: ok_data_frame_constructor.R
- diagnostics: []
  fixture: ok_data_frame_derived_names.R
- diagnostics: []
  fixture: ok_dataset_iris.R
- diagnostics: []
  fixture: ok_dataset_mtcars.R
- diagnostics: []
  fixture: ok_df_bracket_string.R
- diagnostics: []
  fixture: ok_df_column_access.R
- diagnostics: []
  fixture: ok_df_column_assignment.R
- diagnostics: []
  fixture: ok_divisible_recycling.R
- diagnostics: []
  fixture: ok_dollar_assign_classed_atomic.R
- diagnostics: []
  fixture: ok_dollar_classed_atomic.R
- diagnostics: []
  fixture: ok_dollar_missing_list.R
- diagnostics: []
  fixture: ok_dots_absorb_unknown_argument.R
- diagnostics: []
  fixture: ok_dplyr_join_schema.R
- diagnostics: []
  fixture: ok_dplyr_sequential_columns.R
- diagnostics: []
  fixture: ok_dplyr_unknown_schema_data_mask.R
- diagnostics: []
  fixture: ok_dynamic_data_frame_extract.R
- diagnostics: []
  fixture: ok_dynamic_field_write.R
- diagnostics: []
  fixture: ok_dynamic_formals_closure.R
- diagnostics: []
  fixture: ok_dynamic_list_extract.R
- diagnostics: []
  fixture: ok_exact_then_partial_argument_match.R
- diagnostics: []
  fixture: ok_factor_character_compare.R
- diagnostics: []
  fixture: ok_factor_class.R
- diagnostics: []
  fixture: ok_factor_comparison.R
- diagnostics: []
  fixture: ok_ffi_call_first_arg.R
- diagnostics: []
  fixture: ok_fn_explicit_return.R
- diagnostics: []
  fixture: ok_fnbody_sequential.R
- diagnostics: []
  fixture: ok_fractional_numeric_index_length.R
- diagnostics: []
  fixture: ok_function_def.R
- diagnostics: []
  fixture: ok_ggplot2_aes_data_pronoun.R
- diagnostics: []
  fixture: ok_global_variables_declaration.R
- diagnostics: []
  fixture: ok_ho_filter_find.R
- diagnostics: []
  fixture: ok_ho_map.R
- diagnostics: []
  fixture: ok_ho_named_arg_binding.R
- diagnostics: []
  fixture: ok_ho_named_callback.R
- diagnostics: []
  fixture: ok_ho_reduce.R
- diagnostics: []
  fixture: ok_ho_sapply.R
- diagnostics: []
  fixture: ok_ho_typeshed_callback.R
- diagnostics: []
  fixture: ok_ho_vapply.R
- diagnostics: []
  fixture: ok_if_else_join.R
- diagnostics: []
  fixture: ok_if_expr.R
- diagnostics: []
  fixture: ok_if_expr_nested.R
- diagnostics: []
  fixture: ok_if_expr_no_else.R
- diagnostics: []
  fixture: ok_if_length_idiom.R
- diagnostics: []
  fixture: ok_if_logical.R
- diagnostics: []
  fixture: ok_if_unknown_length_condition.R
- diagnostics: []
  fixture: ok_ifelse_mode.R
- diagnostics: []
  fixture: ok_ifelse_mode_collapse.R
- diagnostics: []
  fixture: ok_ignore_comment.R
- diagnostics: []
  fixture: ok_iife.R
- diagnostics: []
  fixture: ok_iife_with_args.R
- diagnostics: []
  fixture: ok_in_operator_length.R
- diagnostics: []
  fixture: ok_index_length_from_index.R
- diagnostics: []
  fixture: ok_is_function_guard.R
- diagnostics: []
  fixture: ok_is_null_guard_narrowing.R
- diagnostics: []
  fixture: ok_lapply_list_arith.R
- diagnostics: []
  fixture: ok_lazy_default_reachability.R
- diagnostics: []
  fixture: ok_list_atomic_equality.R
- diagnostics: []
  fixture: ok_list_named_columns.R
- diagnostics: []
  fixture: ok_local_standalone_errors.R
- diagnostics: []
  fixture: ok_logical_mask_length.R
- diagnostics: []
  fixture: ok_logical_op.R
- diagnostics: []
  fixture: ok_loops.R
- diagnostics: []
  fixture: ok_mirai_minimal.R
- diagnostics: []
  fixture: ok_mirai_status_dollar.R
- diagnostics: []
  fixture: ok_multi_assign.R
- diagnostics: []
  fixture: ok_named_args_match.R
- diagnostics: []
  fixture: ok_named_args_mixed.R
- diagnostics: []
  fixture: ok_narrow_is_character.R
- diagnostics: []
  fixture: ok_narrow_is_numeric.R
- diagnostics: []
  fixture: ok_narrow_not_is_null.R
- diagnostics: []
  fixture: ok_nested_return.R
- diagnostics: []
  fixture: ok_no_s3_collision.R
- diagnostics: []
  fixture: ok_non_self_referential_defaults.R
- diagnostics: []
  fixture: ok_nse_dplyr_arrange_groupby.R
- diagnostics: []
  fixture: ok_nse_dplyr_filter.R
- diagnostics: []
  fixture: ok_nse_dplyr_mutate.R
- diagnostics: []
  fixture: ok_nse_dplyr_pipe_chain.R
- diagnostics: []
  fixture: ok_nse_dplyr_summarise.R
- diagnostics: []
  fixture: ok_nse_dplyr_summarize_alias.R
- diagnostics: []
  fixture: ok_nse_embrace.R
- diagnostics: []
  fixture: ok_nse_function_alias.R
- diagnostics: []
  fixture: ok_nse_pipe_subset.R
- diagnostics: []
  fixture: ok_nse_subset.R
- diagnostics: []
  fixture: ok_nse_transform.R
- diagnostics: []
  fixture: ok_nse_with.R
- diagnostics: []
  fixture: ok_nse_within.R
- diagnostics: []
  fixture: ok_null_default_always_supplied.R
- diagnostics: []
  fixture: ok_null_default_callback_rebind.R
- diagnostics: []
  fixture: ok_null_union_guarded_conditions.R
- diagnostics: []
  fixture: ok_package_qualified_resolution.R
- diagnostics: []
  fixture: ok_parameter_default_other_formal.R
- diagnostics: []
  fixture: ok_parameter_default_quoted_self.R
- diagnostics: []
  fixture: ok_partial_argument_match.R
- diagnostics: []
  fixture: ok_paste_length.R
- diagnostics: []
  fixture: ok_pipe_assign_rebinds.R
- diagnostics: []
  fixture: ok_pipe_bare_fn.R
- diagnostics: []
  fixture: ok_pipe_base.R
- diagnostics: []
  fixture: ok_pipe_chain.R
- diagnostics: []
  fixture: ok_pipe_magrittr.R
- diagnostics: []
  fixture: ok_pipe_native_rhs.R
- diagnostics: []
  fixture: ok_pipe_placeholder.R
- diagnostics: []
  fixture: ok_purrr_in_parallel.R
- diagnostics: []
  fixture: ok_purrr_map_dbl.R
- diagnostics: []
  fixture: ok_qualified_call_not_shadowed.R
- diagnostics: []
  fixture: ok_qualified_nse_aes.R
- diagnostics: []
  fixture: ok_qualified_return_dead_code.R
- diagnostics: []
  fixture: ok_quoted_default_dependencies.R
- diagnostics: []
  fixture: ok_quoted_formula_symbols.R
- diagnostics: []
  fixture: ok_r6_class_body_bindings.R
- diagnostics: []
  fixture: ok_raw_operations.R
- diagnostics: []
  fixture: ok_recall_rules_negative_controls.R
- diagnostics: []
  fixture: ok_recursion.R
- diagnostics: []
  fixture: ok_recursive_default_captured.R
- diagnostics: []
  fixture: ok_recursive_default_qualified_defuser.R
- diagnostics: []
  fixture: ok_recursive_default_skipped_operands.R
- diagnostics: []
  fixture: ok_regmatches_callback_lengths.R
- diagnostics: []
  fixture: ok_return_guard_divergence.R
- diagnostics: []
  fixture: ok_s3_data_frame.R
- diagnostics: []
  fixture: ok_s3_data_frame_operator_override.R
- diagnostics: []
  fixture: ok_s3_dispatch.R
- diagnostics: []
  fixture: ok_s3_hist_receiver.R
- diagnostics: []
  fixture: ok_s3_literal_ops_chooser.R
- diagnostics: []
  fixture: ok_s3_opaque_group_stops_lookup.R
- diagnostics: []
  fixture: ok_s3_operator_absence_arithmetic.R
- diagnostics: []
  fixture: ok_s3_same_ops_method.R
- diagnostics: []
  fixture: ok_s4_terra_named_vector.R
- diagnostics: []
  fixture: ok_s7_class_callable.R
- diagnostics: []
  fixture: ok_sapply_unknown_callback_arithmetic.R
- diagnostics: []
  fixture: ok_scalar_logical.R
- diagnostics: []
  fixture: ok_scalar_single_bracket_index.R
- diagnostics: []
  fixture: ok_seq_defaulted_forward.R
- diagnostics: []
  fixture: ok_seq_for_loop.R
- diagnostics: []
  fixture: ok_short_circuit_narrowing.R
- diagnostics: []
  fixture: ok_sort_int_indexed_result.R
- diagnostics: []
  fixture: ok_standalone_guard_uncertain_and_collisions.R
- diagnostics:
    - code: RY040
      message: "cannot apply arithmetic op to `double` and `character`"
      severity: error
      span:
        column: 29
        end: 344
        line: 6
        start: 337
  fixture: ok_string_containing_hash_noqa.R
- diagnostics: []
  fixture: ok_subsetting.R
- diagnostics: []
  fixture: ok_superassignment_enclosing_binding.R
- diagnostics: []
  fixture: ok_survfit_quantile_fields.R
- diagnostics: []
  fixture: ok_switch_integer.R
- diagnostics: []
  fixture: ok_t6_append_and_null_guard.R
- diagnostics: []
  fixture: ok_t6_length_inference.R
- diagnostics: []
  fixture: ok_testthat_block_scope.R
- diagnostics: []
  fixture: ok_tidyselect_negative_string.R
- diagnostics: []
  fixture: ok_trycatch.R
- diagnostics: []
  fixture: ok_typeshed_coercion.R
- diagnostics: []
  fixture: ok_typeshed_cumulative.R
- diagnostics: []
  fixture: ok_typeshed_datasets_expanded.R
- diagnostics: []
  fixture: ok_typeshed_math.R
- diagnostics: []
  fixture: ok_typeshed_predicates.R
- diagnostics: []
  fixture: ok_typeshed_sets.R
- diagnostics: []
  fixture: ok_typeshed_stats.R
- diagnostics: []
  fixture: ok_typeshed_string.R
- diagnostics: []
  fixture: ok_unary_minus.R
- diagnostics: []
  fixture: ok_unary_not.R
- diagnostics: []
  fixture: ok_union_element_condition.R
- diagnostics: []
  fixture: ok_union_if_arith.R
- diagnostics: []
  fixture: ok_unknown_argument_type.R
- diagnostics: []
  fixture: ok_user_fn_argument_matching.R
- diagnostics: []
  fixture: ok_user_fn_missing_lazy_formal.R
- diagnostics: []
  fixture: ok_user_fn_return.R
- diagnostics: []
  fixture: ok_vacuous_all_guard.R
- diagnostics: []
  fixture: ok_vacuous_all_guard_interprocedural.R
- diagnostics: []
  fixture: ok_vacuous_all_guard_interprocedural_shadowed_all.R
- diagnostics: []
  fixture: ok_vector_constructors.R
- diagnostics: []
  fixture: ok_vector_mode_literal.R
- diagnostics: []
  fixture: ok_walrus_bind.R
- diagnostics: []
  fixture: ok_with_unknown_object.R
- diagnostics:
    - code: RY001
      message: "`if` condition is `character<len=1>`, expected length-1 logical (or a value R coerces to logical)"
      severity: warning
      span:
        column: 4
        end: 126
        line: 3
        start: 123
  fixture: ry001_if_condition.R
- diagnostics:
    - code: RY003
      message: "`if` condition is `integer`; R coerces nonzero to TRUE"
      severity: info
      span:
        column: 4
        end: 330
        line: 6
        start: 328
  fixture: ry001_numeric_condition.R
- diagnostics:
    - code: RY002
      message: "`if` condition has length 2; R requires a length-1 condition"
      severity: warning
      span:
        column: 4
        end: 110
        line: 2
        start: 96
  fixture: ry002_if_length.R
- diagnostics:
    - code: RY010
      message: "variable `undefined_thing` is not bound in this scope"
      severity: warning
      span:
        column: 5
        end: 92
        line: 2
        start: 77
  fixture: ry010_unbound.R
- diagnostics:
    - code: RY020
      message: "cannot apply unary `-` to `raw`"
      severity: error
      span:
        column: 0
        end: 23
        line: 1
        start: 16
  fixture: ry020_raw_unary.R
- diagnostics:
    - code: RY020
      message: "cannot apply unary `-` to `character`"
      severity: error
      span:
        column: 5
        end: 82
        line: 2
        start: 74
  fixture: ry020_unary_minus.R
- diagnostics:
    - code: RY021
      message: "cannot apply `!` to `character`"
      severity: error
      span:
        column: 5
        end: 87
        line: 2
        start: 79
  fixture: ry021_unary_not.R
- diagnostics: []
  fixture: ry030_compare.R
- diagnostics:
    - code: RY031
      message: "logical op applied to `character` and `logical`"
      severity: error
      span:
        column: 5
        end: 99
        line: 2
        start: 89
  fixture: ry031_logical_op.R
- diagnostics:
    - code: RY034
      message: "comparison with `NA` always produces `NA`; use `is.na()` instead"
      severity: warning
      span:
        column: 0
        end: 44
        line: 2
        start: 37
    - code: RY034
      message: "comparison with `NA` always produces `NA`; use `is.na()` instead"
      severity: warning
      span:
        column: 0
        end: 58
        line: 3
        start: 45
  fixture: ry034_compare_na.R
- diagnostics:
    - code: RY040
      message: "cannot apply arithmetic op to `character` and `integer`"
      severity: error
      span:
        column: 5
        end: 92
        line: 2
        start: 84
  fixture: ry040_arith.R
- diagnostics:
    - code: RY040
      message: "cannot apply arithmetic op to `raw` and `raw`"
      severity: error
      span:
        column: 0
        end: 38
        line: 1
        start: 23
    - code: RY040
      message: "cannot apply arithmetic op to `raw` and `integer`"
      severity: error
      span:
        column: 0
        end: 53
        line: 2
        start: 39
  fixture: ry040_raw_arithmetic.R
- diagnostics:
    - code: RY040
      message: "cannot apply arithmetic op to `character` and `integer`"
      severity: error
      span:
        column: 5
        end: 202
        line: 6
        start: 191
  fixture: ry040_user_fn_return.R
- diagnostics:
    - code: RY041
      message: vector lengths 3 and 2 do not divide evenly; R will recycle with a warning
      severity: warning
      span:
        column: 0
        end: 38
        line: 1
        start: 16
  fixture: ry041_non_divisible_recycling.R
- diagnostics:
    - code: RY042
      message: "arithmetic on a factor produces `NA`; operate on its levels or convert it explicitly"
      severity: warning
      span:
        column: 0
        end: 39
        line: 1
        start: 16
  fixture: ry042_factor_arithmetic.R
- diagnostics:
    - code: RY050
      message: "S3 generic `Summary` called on value with classes [undefined] but no matching method is defined"
      severity: warning
      span:
        column: 0
        end: 331
        line: 6
        start: 321
  fixture: ry050_missing_method.R
- diagnostics:
    - code: RY060
      message: "column `nonexistent` not found in data frame schema; available columns: am, carb, cyl, disp, drat, ..."
      severity: error
      span:
        column: 20
        end: 486
        line: 8
        start: 469
    - code: RY060
      message: "column `nonexistent` not found in data frame schema; available columns: am, carb, cyl, disp, drat, ..."
      severity: error
      span:
        column: 24
        end: 533
        line: 9
        start: 516
    - code: RY060
      message: "column `nonexistent` not found in data frame schema; available columns: am, carb, cyl, disp, drat, ..."
      severity: error
      span:
        column: 18
        end: 570
        line: 10
        start: 553
  fixture: ry060_data_mask_pronoun_schema_miss.R
- diagnostics:
    - code: RY060
      message: "column `nonexistent` not found in data frame schema; available columns: am, carb, cyl, disp, drat, ..."
      severity: error
      span:
        column: 34
        end: 537
        line: 10
        start: 520
    - code: RY060
      message: "column `nonexistent` not found in data frame schema; available columns: am, carb, cyl, disp, drat, ..."
      severity: error
      span:
        column: 27
        end: 583
        line: 11
        start: 566
  fixture: ry060_dots_fallback_data_pronoun.R
- diagnostics:
    - code: RY060
      message: "column `nonexistent` not found in data frame schema; available columns: am, carb, cyl, disp, drat, ..."
      severity: error
      span:
        column: 7
        end: 189
        line: 4
        start: 175
  fixture: ry060_undefined_column.R
- diagnostics: []
  fixture: ry095_ry096_real_shapes.R
- diagnostics:
    - code: RY096
      message: "`hasArg(threshold)` names a parameter that is not a formal; it is always FALSE"
      severity: warning
      span:
        column: 6
        end: 207
        line: 4
        start: 190
  fixture: ry096_hasarg_no_dots.R
- diagnostics: []
  fixture: ry098_default_forced_before_assignment.R
- diagnostics:
    - code: RY001
      message: "`if` condition is `NULL<len=0>`, expected length-1 logical (or a value R coerces to logical)"
      severity: warning
      span:
        column: 6
        end: 61
        line: 2
        start: 57
  fixture: warn_forwarded_null_default_condition.R
- diagnostics:
    - code: RY003
      message: "`if` condition is `integer`; R coerces nonzero to TRUE"
      severity: info
      span:
        column: 4
        end: 176
        line: 3
        start: 163
  fixture: warn_missing_match_condition.R
- diagnostics:
    - code: RY001
      message: "`if` condition is `character<len=1>`, expected length-1 logical (or a value R coerces to logical)"
      severity: warning
      span:
        column: 9
        end: 419
        line: 6
        start: 416
    - code: RY001
      message: "`if` condition is `character<len=1>`, expected length-1 logical (or a value R coerces to logical)"
      severity: warning
      span:
        column: 9
        end: 445
        line: 7
        start: 439
    - code: RY001
      message: "`if` condition is `character<len=1>`, expected length-1 logical (or a value R coerces to logical)"
      severity: warning
      span:
        column: 9
        end: 468
        line: 8
        start: 465
    - code: RY001
      message: "`if` condition is `character<len=1>`, expected length-1 logical (or a value R coerces to logical)"
      severity: warning
      span:
        column: 9
        end: 492
        line: 9
        start: 488
    - code: RY001
      message: "`if` condition is `character<len=1>`, expected length-1 logical (or a value R coerces to logical)"
      severity: warning
      span:
        column: 9
        end: 514
        line: 10
        start: 512
    - code: RY001
      message: "`if` condition is `character<len=2>`, expected length-1 logical (or a value R coerces to logical)"
      severity: warning
      span:
        column: 9
        end: 552
        line: 11
        start: 534
    - code: RY001
      message: "`if` condition is `character<len=0>`, expected length-1 logical (or a value R coerces to logical)"
      severity: warning
      span:
        column: 9
        end: 584
        line: 12
        start: 572
    - code: RY001
      message: "`if` condition is `list<len=1>{[[1]]:logical<len=1>}`, expected length-1 logical (or a value R coerces to logical)"
      severity: warning
      span:
        column: 9
        end: 614
        line: 13
        start: 604
    - code: RY001
      message: "`if` condition is `complex<len=0>`, expected length-1 logical (or a value R coerces to logical)"
      severity: warning
      span:
        column: 9
        end: 654
        line: 14
        start: 634
    - code: RY001
      message: "`if` condition is `complex<len=2>`, expected length-1 logical (or a value R coerces to logical)"
      severity: warning
      span:
        column: 9
        end: 694
        line: 15
        start: 674
  fixture: warn_noncoercible_condition_shapes.R
- diagnostics:
    - code: RY001
      message: "`if` condition is `NULL<len=0>`, expected length-1 logical (or a value R coerces to logical)"
      severity: warning
      span:
        column: 6
        end: 74
        line: 2
        start: 68
  fixture: warn_null_default_condition.R
- diagnostics:
    - code: RY003
      message: "`if` condition is `double`; R coerces nonzero to TRUE"
      severity: info
      span:
        column: 4
        end: 32
        line: 1
        start: 20
  fixture: warn_numeric_min_condition.R
- diagnostics:
    - code: RY001
      message: "`if` condition is `logical<len=0>`, expected length-1 logical (or a value R coerces to logical)"
      severity: warning
      span:
        column: 6
        end: 547
        line: 10
        start: 542
  fixture: warn_return_guard_stale_default_condition.R
- diagnostics:
    - code: RY051
      message: "incompatible S3 methods `+.left` and `+.right` for `+`; R uses the primitive operator"
      severity: warning
      span:
        column: 7
        end: 258
        line: 7
        start: 253
  fixture: warn_s3_incompatible_ops.R
- diagnostics:
    - code: RY002
      message: "`if` condition has length 2; R requires a length-1 condition"
      severity: warning
      span:
        column: 4
        end: 48
        line: 2
        start: 39
  fixture: warn_t6_negative_subscript.R
