---
source: crates/ry-checker/tests/fixes.rs
expression: snapshots
---
- after: []
  before:
    - code: RY032
      fix:
        replacement: "&"
        span:
          - 19
          - 21
      message: "`&&` applied to a length-2 operand; only the first element is used"
      severity: warning
      span:
        - 17
        - 36
  code: RY032
  edited: "f <- function(x) x & c(TRUE, FALSE)\n"
  source: "f <- function(x) x && c(TRUE, FALSE)\n"
- after: []
  before:
    - code: RY034
      fix:
        replacement: is.na(x)
        span:
          - 17
          - 24
      message: "comparison with `NA` always produces `NA`; use `is.na()` instead"
      severity: warning
      span:
        - 17
        - 24
  code: RY034
  edited: "f <- function(x) is.na(x)\n"
  source: "f <- function(x) x == NA\n"
- after: []
  before:
    - code: RY090
      fix:
        replacement: x = 1L
        span:
          - 7
          - 14
      message: "unknown argument `xx` to `length`; did you mean `x`?"
      severity: warning
      span:
        - 7
        - 14
    - code: RY091
      fix: ~
      message: "missing required argument `x` in call to `length`"
      severity: warning
      span:
        - 0
        - 15
  code: RY090
  edited: "length(x = 1L)\n"
  source: "length(xx = 1L)\n"
- after: []
  before:
    - code: RY093
      fix:
        replacement: "length(c(1L, 2L)) > 0L"
        span:
          - 0
          - 22
      message: "comparison is inside `length()`; compare `length(x)` instead"
      severity: warning
      span:
        - 7
        - 21
  code: RY093
  edited: "length(c(1L, 2L)) > 0L\n"
  source: "length(c(1L, 2L) > 0L)\n"
- after: []
  before:
    - code: RY100
      fix:
        replacement: abs(x) > 0L
        span:
          - 17
          - 28
      message: comparison directly inside a numeric math function is usually a parenthesization mistake; compare the math result instead
      severity: warning
      span:
        - 21
        - 27
  code: RY100
  edited: "f <- function(x) abs(x) > 0L\n"
  source: "f <- function(x) abs(x > 0L)\n"
- after: []
  before:
    - code: RY101
      fix:
        replacement: "args[[\"font\"]]"
        span:
          - 38
          - 50
      message: "single-bracket list subset remains a list, so `identical()` with an atomic scalar is always FALSE; use `[[` to extract the element"
      severity: warning
      span:
        - 38
        - 50
  code: RY101
  edited: "args <- list(font = \"mono\")\nidentical(args[[\"font\"]], \"mono\")\n"
  source: "args <- list(font = \"mono\")\nidentical(args[\"font\"], \"mono\")\n"
- after: []
  before:
    - code: RY102
      fix:
        replacement: "\"wi\\\"dget\" = 2L"
        span:
          - 14
          - 30
      message: "`<-` inside `list()` assigns `wi\"dget` and leaves the element unnamed; write `\"wi\\\"dget\" = ...` to name it"
      severity: warning
      span:
        - 14
        - 30
  code: RY102
  edited: "list(ok = 1L, \"wi\\\"dget\" = 2L)\n"
  source: "list(ok = 1L, \"wi\\\"dget\" <- 2L)\n"
- after: []
  before:
    - code: RY103
      fix:
        replacement: "inherits(x, \"wi\\\"dget\")"
        span:
          - 21
          - 43
      message: "`class()` returns a character vector, so this comparison is not length-1 for a multi-class object and the enclosing condition errors; use `inherits(x, \"wi\\\"dget\")`"
      severity: warning
      span:
        - 21
        - 43
  code: RY103
  edited: "f <- function(x) if (inherits(x, \"wi\\\"dget\")) 1L else 2L\n"
  source: "f <- function(x) if (class(x) == \"wi\\\"dget\") 1L else 2L\n"
